17:51 ~ $ ls
README.txt  SMSpoll
18:01 ~ $ cd SMSpoll
18:01 ~/SMSpoll $ ls
__init__.py  __init__.pyc  manage.py  media  settings.py  settings.pyc  static  urls.py  urls.pyc
18:01 ~/SMSpoll $ ls -a
.  ..  __init__.py  __init__.pyc  manage.py  media  settings.py  settings.pyc  static  urls.py  urls.pyc
18:01 ~/SMSpoll $ python manage.py startapp login
18:01 ~/SMSpoll $ ls
__init__.py  __init__.pyc  login  manage.py  media  settings.py  settings.pyc  static  urls.py  urls.pyc
18:01 ~/SMSpoll $ python manage.py syncdb
Creating tables ...
Creating table auth_permission
Creating table auth_group_permissions
Creating table auth_group
Creating table auth_user_user_permissions
Creating table auth_user_groups
Creating table auth_user
Creating table auth_message
Creating table django_content_type
Creating table django_session
Creating table django_site
Creating table django_admin_log
You just installed Django's auth system, which means you don't have any superusers defined.
Would you like to create one now? (yes/no): yes
Username (Leave blank to use 'ssdiprojectfall2015'): ssdiprojectfall2
E-mail address: ssdiprojectfall2015@gmail.com
Password:
Password (again):
Superuser created successfully.
Installing custom SQL ...
Installing indexes ...
No fixtures found.
18:26 ~/SMSpoll $


----------------------------- on 10/25/2015--------------------------------






18:36 ~ $ git remote add origin https://github.com/kedark3/SMSpoll.git
fatal: Not a git repository (or any parent up to mount point /home/ssdiprojectfall2015)
Stopping at filesystem boundary (GIT_DISCOVERY_ACROSS_FILESYSTEM not set).
18:38 ~ $ git init
Initialized empty Git repository in /home/ssdiprojectfall2015/.git/
18:38 ~ $ git add README.md
fatal: pathspec 'README.md' did not match any files
18:38 ~ $ cd .git
18:39 ~/.git $ git add README.md
fatal: This operation must be run in a work tree
18:39 ~/.git $ cd..
bash: cd..: command not found
18:39 ~/.git $ cd ..
18:39 ~ $ git commit -m "first commit"

*** Please tell me who you are.

Run

  git config --global user.email "you@example.com"
  git config --global user.name "Your Name"

to set your account's default identity.
Omit --global to set the identity only in this repository.

fatal: empty ident name (for <ssdiprojectfall2015@e611e15f9c9d>) not allowed
18:39 ~ $ git config --global user.email "kedar.kulkarni0@gmail.com"
18:39 ~ $ git config --global user.name "kedark3"
18:39 ~ $ git commit -m "first commit"
On branch master

Initial commit

Untracked files:
        .bash_history
        .bashrc
18:41 ~ $ ls
README.txt  SMSpoll  commands.txt
18:41 ~ $ cd SMSpoll
18:41 ~/SMSpoll $ ls
__init__.py  __init__.pyc  login  manage.py  media  settings.py  settings.pyc  static  templates  urls.py  urls.pyc
18:41 ~/SMSpoll $ ls -a
.  ..  __init__.py  __init__.pyc  login  manage.py  media  settings.py  settings.pyc  static  templates  urls.py  urls.pyc
18:41 ~/SMSpoll $ cd
18:41 ~ $ ls -a
.   .bash_history  .git        .ipython        .profile           .vimrc        README.txt  commands.txt
..  .bashrc        .gitconfig  .mysql_history  .pythonstartup.py  .virtualenvs  SMSpoll
18:41 ~ $ git commit -m "first commit"
On branch master

Initial commit

Untracked files:
        .bash_history
        .bashrc
        .gitconfig
        .ipython/
        .mysql_history
        .profile
        .pythonstartup.py
        .vimrc
        .virtualenvs/
        README.txt
        SMSpoll/
        commands.txt

nothing added to commit but untracked files present
18:42 ~ $ git add -a
error: unknown switch `a'
usage: git add [options] [--] <pathspec>...

    -n, --dry-run         dry run
    -v, --verbose         be verbose

    -i, --interactive     interactive picking
    -p, --patch           select hunks interactively
    -e, --edit            edit current diff and apply
    -f, --force           allow adding otherwise ignored files
    -u, --update          update tracked files
    -N, --intent-to-add   record only the fact that the path will be added later
    -A, --all             add changes from all tracked and untracked files
    --ignore-removal      ignore paths removed in the working tree (same as --no-all)
    --refresh             don't add, only refresh the index
    --ignore-errors       just skip files which cannot be added because of errors
    --ignore-missing      check if - even missing - files are ignored in dry run

18:42 ~ $ git add -A
18:42 ~ $ git commit -m "first commit"
[master (root-commit) ecff8ff] first commit
 60 files changed, 8583 insertions(+)
 create mode 100644 .bash_history
 create mode 100755 .bashrc
 create mode 100644 .gitconfig
 create mode 100644 .ipython/profile_default/history.sqlite
 create mode 100644 .ipython/profile_default/startup/README
 create mode 100644 .ipython/profile_default/static/custom/custom.css
 create mode 100644 .ipython/profile_default/static/custom/custom.js
 create mode 100644 .mysql_history
 create mode 100644 .profile
 create mode 100755 .pythonstartup.py
 create mode 100755 .vimrc
 create mode 100755 .virtualenvs/get_env_details
 create mode 100644 .virtualenvs/initialize
 create mode 100644 .virtualenvs/postactivate
 create mode 100644 .virtualenvs/postdeactivate
 create mode 100755 .virtualenvs/postmkproject
 create mode 100644 .virtualenvs/postmkvirtualenv
 create mode 100755 .virtualenvs/postrmvirtualenv
 create mode 100755 .virtualenvs/preactivate
 create mode 100644 .virtualenvs/predeactivate
 create mode 100755 .virtualenvs/premkproject
 create mode 100755 .virtualenvs/premkvirtualenv
 create mode 100755 .virtualenvs/prermvirtualenv
 create mode 100755 README.txt
 create mode 100644 SMSpoll/__init__.py
 create mode 100644 SMSpoll/__init__.pyc
 create mode 100644 SMSpoll/login/__init__.py
 create mode 100644 SMSpoll/login/__init__.pyc
 create mode 100644 SMSpoll/login/file_read.py
 create mode 100644 SMSpoll/login/file_read.pyc
 create mode 100644 SMSpoll/login/models.py
 create mode 100644 SMSpoll/login/models.pyc
 create mode 100644 SMSpoll/login/tests.py
 create mode 100644 SMSpoll/login/tests.pyc
 create mode 100644 SMSpoll/login/urls.py
 create mode 100644 SMSpoll/login/urls.pyc
 create mode 100644 SMSpoll/login/views.py
 create mode 100644 SMSpoll/login/views.pyc
 create mode 100755 SMSpoll/manage.py
 create mode 100644 SMSpoll/settings.py
 create mode 100644 SMSpoll/settings.pyc
 create mode 100644 SMSpoll/static/login/css/bootstrap.css
 create mode 100644 SMSpoll/static/login/css/style.css
 create mode 100644 SMSpoll/static/login/fonts/Inconsolata-Regular.ttf
 create mode 100644 SMSpoll/static/login/fonts/glyphicons-halflings-regular.eot
 create mode 100644 SMSpoll/static/login/fonts/glyphicons-halflings-regular.ttf
 create mode 100644 SMSpoll/static/login/fonts/glyphicons-halflings-regular.woff
 create mode 100644 SMSpoll/static/login/fonts/glyphicons-halflings-regular.woff2
 create mode 100644 SMSpoll/static/login/images/contact.png
 create mode 100644 SMSpoll/static/login/images/password.png
 create mode 100644 SMSpoll/static/login/images/recover.png
 create mode 100644 SMSpoll/static/login/images/register.png
 create mode 100644 SMSpoll/static/login/images/tick.png
 create mode 100644 SMSpoll/static/login/images/user.png
 create mode 100644 SMSpoll/static/login/js/easyResponsiveTabs.js
 create mode 100644 SMSpoll/static/login/js/jquery.min.js
 create mode 100644 SMSpoll/templates/login.html
 create mode 100644 SMSpoll/urls.py
 create mode 100644 SMSpoll/urls.pyc
 create mode 100644 commands.txt
18:42 ~ (master)$ git remote add origin https://github.com/kedark3/SMSpoll.git
fatal: remote origin already exists.
18:42 ~ (master)$ git push -u origin master
Username for 'https://github.com': kedark3
Password for 'https://kedark3@github.com':
Counting objects: 76, done.
Delta compression using up to 2 threads.
Compressing objects: 100% (70/70), done.
Writing objects: 100% (76/76), 217.36 KiB | 0 bytes/s, done.
Total 76 (delta 1), reused 0 (delta 0)
To https://github.com/kedark3/SMSpoll.git
 * [new branch]      master -> master
Branch master set up to track remote branch master from origin.
18:43 ~ (master)$
